Archive member included because of file (symbol)

c:/users/ideal soft/desktop/2age a_b_c/outils et documents/compilateurs/compilateur/gcc/bin/../lib/gcc/arm-none-eabi/4.9.3/../../../../arm-none-eabi/lib/armv7e-m\libg.a(lib_a-strcmp.o)
                              ..\obj\main.o (strcmp)

Allocating common symbols
Common symbol       size              file

buffer              0x7               ..\obj\main.o
receivedChar        0x1               ..\obj\main.o

Discarded input sections

 .text          0x00000000        0x0 ..\obj\startup_stm32f4xx.o
 .data          0x00000000        0x0 ..\obj\startup_stm32f4xx.o
 .bss           0x00000000        0x0 ..\obj\startup_stm32f4xx.o
 .text          0x00000000        0x0 ..\obj\main.o
 .text          0x00000000        0x0 ..\obj\printf.o
 .data          0x00000000      0x42c ..\obj\printf.o
 .bss           0x00000000        0x0 ..\obj\printf.o
 .text.PrintChar
                0x00000000       0x14 ..\obj\printf.o
 .text.PutChar  0x00000000       0x20 ..\obj\printf.o
 .text.PutString
                0x00000000       0x3c ..\obj\printf.o
 .text.PutUnsignedInt
                0x00000000       0xa0 ..\obj\printf.o
 .text.PutSignedInt
                0x00000000      0x104 ..\obj\printf.o
 .text.PutHexa  0x00000000       0xd8 ..\obj\printf.o
 .text.vsnprintf
                0x00000000      0x25c ..\obj\printf.o
 .text.snprintf
                0x00000000       0x30 ..\obj\printf.o
 .text.vsprintf
                0x00000000       0x24 ..\obj\printf.o
 .rodata        0x00000000       0x24 ..\obj\printf.o
 .text.vfprintf
                0x00000000       0x68 ..\obj\printf.o
 .text.vprintf  0x00000000       0x28 ..\obj\printf.o
 .text.fprintf  0x00000000       0x2c ..\obj\printf.o
 .text.printf   0x00000000       0x28 ..\obj\printf.o
 .text.sprintf  0x00000000       0x2c ..\obj\printf.o
 .text.puts     0x00000000       0x24 ..\obj\printf.o
 .text.fputc    0x00000000       0x40 ..\obj\printf.o
 .text.fputs    0x00000000       0x48 ..\obj\printf.o
 .debug_info    0x00000000      0xe38 ..\obj\printf.o
 .debug_abbrev  0x00000000      0x27e ..\obj\printf.o
 .debug_aranges
                0x00000000       0xa0 ..\obj\printf.o
 .debug_ranges  0x00000000       0x90 ..\obj\printf.o
 .debug_line    0x00000000      0x3df ..\obj\printf.o
 .debug_str     0x00000000      0x685 ..\obj\printf.o
 .comment       0x00000000       0x71 ..\obj\printf.o
 .debug_frame   0x00000000      0x2e0 ..\obj\printf.o
 .ARM.attributes
                0x00000000       0x33 ..\obj\printf.o
 .text          0x00000000        0x0 ..\obj\system_stm32f4xx.o
 .data          0x00000000       0x14 ..\obj\system_stm32f4xx.o
 .bss           0x00000000        0x0 ..\obj\system_stm32f4xx.o
 .text.SystemInit
                0x00000000       0x58 ..\obj\system_stm32f4xx.o
 .text.SystemCoreClockUpdate
                0x00000000       0xf8 ..\obj\system_stm32f4xx.o
 .text.SetSysClock
                0x00000000       0xf4 ..\obj\system_stm32f4xx.o
 .debug_info    0x00000000      0x592 ..\obj\system_stm32f4xx.o
 .debug_abbrev  0x00000000      0x136 ..\obj\system_stm32f4xx.o
 .debug_aranges
                0x00000000       0x30 ..\obj\system_stm32f4xx.o
 .debug_ranges  0x00000000       0x20 ..\obj\system_stm32f4xx.o
 .debug_line    0x00000000      0x254 ..\obj\system_stm32f4xx.o
 .debug_str     0x00000000      0x3b4 ..\obj\system_stm32f4xx.o
 .comment       0x00000000       0x71 ..\obj\system_stm32f4xx.o
 .debug_frame   0x00000000       0x7c ..\obj\system_stm32f4xx.o
 .ARM.attributes
                0x00000000       0x33 ..\obj\system_stm32f4xx.o
 .text          0x00000000        0x0 ..\obj\syscalls.o
 .data          0x00000000        0x0 ..\obj\syscalls.o
 .bss           0x00000000        0x4 ..\obj\syscalls.o
 .text._sbrk    0x00000000       0x40 ..\obj\syscalls.o
 .text.link     0x00000000       0x1c ..\obj\syscalls.o
 .text._close   0x00000000       0x18 ..\obj\syscalls.o
 .text._fstat   0x00000000       0x20 ..\obj\syscalls.o
 .text._isatty  0x00000000       0x18 ..\obj\syscalls.o
 .text._lseek   0x00000000       0x1c ..\obj\syscalls.o
 .text._read    0x00000000       0x1c ..\obj\syscalls.o
 .text._write   0x00000000       0x1c ..\obj\syscalls.o
 .text.abort    0x00000000        0x8 ..\obj\syscalls.o
 .debug_info    0x00000000      0x3ee ..\obj\syscalls.o
 .debug_abbrev  0x00000000       0xe2 ..\obj\syscalls.o
 .debug_aranges
                0x00000000       0x60 ..\obj\syscalls.o
 .debug_ranges  0x00000000       0x50 ..\obj\syscalls.o
 .debug_line    0x00000000      0x1a1 ..\obj\syscalls.o
 .debug_str     0x00000000      0x2f6 ..\obj\syscalls.o
 .comment       0x00000000       0x71 ..\obj\syscalls.o
 .debug_frame   0x00000000      0x168 ..\obj\syscalls.o
 .ARM.attributes
                0x00000000       0x33 ..\obj\syscalls.o
 .data          0x00000000        0x0 c:/users/ideal soft/desktop/2age a_b_c/outils et documents/compilateurs/compilateur/gcc/bin/../lib/gcc/arm-none-eabi/4.9.3/../../../../arm-none-eabi/lib/armv7e-m\libg.a(lib_a-strcmp.o)
 .bss           0x00000000        0x0 c:/users/ideal soft/desktop/2age a_b_c/outils et documents/compilateurs/compilateur/gcc/bin/../lib/gcc/arm-none-eabi/4.9.3/../../../../arm-none-eabi/lib/armv7e-m\libg.a(lib_a-strcmp.o)
 .eh_frame      0x00000000       0x70 c:/users/ideal soft/desktop/2age a_b_c/outils et documents/compilateurs/compilateur/gcc/bin/../lib/gcc/arm-none-eabi/4.9.3/../../../../arm-none-eabi/lib/armv7e-m\libg.a(lib_a-strcmp.o)

Memory Configuration

Name             Origin             Length             Attributes
rom              0x08000000         0x00100000         xr
ram              0x20000000         0x00020000         xrw
ram1             0x10000000         0x00010000         xrw
*default*        0x00000000         0xffffffff

Linker script and memory map

                0x20020000                _eram = 0x20020000

.text           0x08000000      0x906
 *(.isr_vector)
 .isr_vector    0x08000000      0x188 ..\obj\startup_stm32f4xx.o
                0x08000000                g_pfnVectors
 *(.text*)
 .text.Default_Reset_Handler
                0x08000188       0x58 ..\obj\startup_stm32f4xx.o
                0x08000188                Default_Reset_Handler
                0x08000188                Reset_Handler
 .text.Default_Handler
                0x080001e0        0x8 ..\obj\startup_stm32f4xx.o
                0x080001e0                RTC_Alarm_IRQHandler
                0x080001e0                HASH_RNG_IRQHandler
                0x080001e0                EXTI2_IRQHandler
                0x080001e0                TIM8_CC_IRQHandler
                0x080001e0                DebugMon_Handler
                0x080001e0                TIM1_CC_IRQHandler
                0x080001e0                DMA2_Stream5_IRQHandler
                0x080001e0                HardFault_Handler
                0x080001e0                DMA1_Stream5_IRQHandler
                0x080001e0                SysTick_Handler
                0x080001e0                PVD_IRQHandler
                0x080001e0                SDIO_IRQHandler
                0x080001e0                TAMP_STAMP_IRQHandler
                0x080001e0                PendSV_Handler
                0x080001e0                NMI_Handler
                0x080001e0                CAN2_RX1_IRQHandler
                0x080001e0                EXTI3_IRQHandler
                0x080001e0                TIM8_TRG_COM_TIM14_IRQHandler
                0x080001e0                TIM1_UP_TIM10_IRQHandler
                0x080001e0                TIM8_UP_TIM13_IRQHandler
                0x080001e0                I2C3_ER_IRQHandler
                0x080001e0                EXTI0_IRQHandler
                0x080001e0                I2C2_EV_IRQHandler
                0x080001e0                DMA1_Stream2_IRQHandler
                0x080001e0                CAN1_RX0_IRQHandler
                0x080001e0                FPU_IRQHandler
                0x080001e0                OTG_HS_WKUP_IRQHandler
                0x080001e0                UsageFault_Handler
                0x080001e0                CAN2_SCE_IRQHandler
                0x080001e0                DMA2_Stream2_IRQHandler
                0x080001e0                SPI1_IRQHandler
                0x080001e0                TIM6_DAC_IRQHandler
                0x080001e0                TIM1_BRK_TIM9_IRQHandler
                0x080001e0                DCMI_IRQHandler
                0x080001e0                CAN2_RX0_IRQHandler
                0x080001e0                DMA2_Stream3_IRQHandler
                0x080001e0                USART6_IRQHandler
                0x080001e0                USART3_IRQHandler
                0x080001e0                CRYP_IRQHandler
                0x080001e0                CAN1_RX1_IRQHandler
                0x080001e0                UART5_IRQHandler
                0x080001e0                DMA2_Stream0_IRQHandler
                0x080001e0                TIM4_IRQHandler
                0x080001e0                I2C1_EV_IRQHandler
                0x080001e0                DMA1_Stream6_IRQHandler
                0x080001e0                DMA1_Stream1_IRQHandler
                0x080001e0                UART4_IRQHandler
                0x080001e0                TIM3_IRQHandler
                0x080001e0                RCC_IRQHandler
                0x080001e0                TIM8_BRK_TIM12_IRQHandler
                0x080001e0                EXTI15_10_IRQHandler
                0x080001e0                ADC_IRQHandler
                0x080001e0                DMA1_Stream7_IRQHandler
                0x080001e0                TIM7_IRQHandler
                0x080001e0                CAN2_TX_IRQHandler
                0x080001e0                TIM5_IRQHandler
                0x080001e0                DMA2_Stream7_IRQHandler
                0x080001e0                I2C3_EV_IRQHandler
                0x080001e0                EXTI9_5_IRQHandler
                0x080001e0                RTC_WKUP_IRQHandler
                0x080001e0                ETH_WKUP_IRQHandler
                0x080001e0                SPI2_IRQHandler
                0x080001e0                OTG_HS_EP1_IN_IRQHandler
                0x080001e0                MemManage_Handler
                0x080001e0                DMA1_Stream0_IRQHandler
                0x080001e0                CAN1_TX_IRQHandler
                0x080001e0                SVC_Handler
                0x080001e0                EXTI4_IRQHandler
                0x080001e0                FSMC_IRQHandler
                0x080001e0                ETH_IRQHandler
                0x080001e0                OTG_HS_EP1_OUT_IRQHandler
                0x080001e0                WWDG_IRQHandler
                0x080001e0                TIM2_IRQHandler
                0x080001e0                OTG_FS_WKUP_IRQHandler
                0x080001e0                TIM1_TRG_COM_TIM11_IRQHandler
                0x080001e0                OTG_HS_IRQHandler
                0x080001e0                EXTI1_IRQHandler
                0x080001e0                I2C2_ER_IRQHandler
                0x080001e0                DMA2_Stream1_IRQHandler
                0x080001e0                CAN1_SCE_IRQHandler
                0x080001e0                FLASH_IRQHandler
                0x080001e0                DMA2_Stream4_IRQHandler
                0x080001e0                BusFault_Handler
                0x080001e0                USART1_IRQHandler
                0x080001e0                OTG_FS_IRQHandler
                0x080001e0                SPI3_IRQHandler
                0x080001e0                DMA1_Stream4_IRQHandler
                0x080001e0                I2C1_ER_IRQHandler
                0x080001e0                DMA2_Stream6_IRQHandler
                0x080001e0                DMA1_Stream3_IRQHandler
 .text.NVIC_EnableIRQ
                0x080001e8       0x30 ..\obj\main.o
 .text.HSEInit  0x08000218       0x30 ..\obj\main.o
                0x08000218                HSEInit
 .text.USART2_Init
                0x08000248       0xa0 ..\obj\main.o
                0x08000248                USART2_Init
 .text.USART2_IRQHandler
                0x080002e8       0x98 ..\obj\main.o
                0x080002e8                USART2_IRQHandler
 .text.TIM3_Init
                0x08000380       0xf0 ..\obj\main.o
                0x08000380                TIM3_Init
 .text.setMotorDirection
                0x08000470       0x58 ..\obj\main.o
                0x08000470                setMotorDirection
 .text.main     0x080004c8      0x128 ..\obj\main.o
                0x080004c8                main
 *fill*         0x080005f0       0x10 
 .text          0x08000600      0x2dc c:/users/ideal soft/desktop/2age a_b_c/outils et documents/compilateurs/compilateur/gcc/bin/../lib/gcc/arm-none-eabi/4.9.3/../../../../arm-none-eabi/lib/armv7e-m\libg.a(lib_a-strcmp.o)
                0x08000608                strcmp
 *(.init)
 *(.fini)
 *crtbegin.o(.ctors)
 *crtbegin?.o(.ctors)
 *(EXCLUDE_FILE(*crtend.o *crtend?.o) .ctors)
 *(SORT(.ctors.*))
 *(.ctors)
 *crtbegin.o(.dtors)
 *crtbegin?.o(.dtors)
 *(EXCLUDE_FILE(*crtend.o *crtend?.o) .dtors)
 *(SORT(.dtors.*))
 *(.dtors)
 *(.rodata*)
 .rodata        0x080008dc       0x2a ..\obj\main.o
 *(.eh_fram e*)

.glue_7         0x08000908        0x0
 .glue_7        0x00000000        0x0 linker stubs

.glue_7t        0x08000908        0x0
 .glue_7t       0x00000000        0x0 linker stubs

.vfp11_veneer   0x08000908        0x0
 .vfp11_veneer  0x00000000        0x0 linker stubs

.v4_bx          0x08000908        0x0
 .v4_bx         0x00000000        0x0 linker stubs

.iplt           0x08000908        0x0
 .iplt          0x00000000        0x0 ..\obj\startup_stm32f4xx.o

.rel.dyn        0x08000908        0x0
 .rel.iplt      0x00000000        0x0 ..\obj\startup_stm32f4xx.o

.ARM.extab
 *(.ARM.extab* .gnu.linkonce.armextab.*)
                0x08000908                __exidx_start = .

.ARM.exidx
 *(.ARM.exidx* .gnu.linkonce.armexidx.*)
                0x08000908                __exidx_end = .
                0x08000908                __etext = .
                0x08000906                _sidata = __etext

.data           0x20000000        0x4 load address 0x08000906
                0x20000000                __data_start__ = .
                0x20000000                _sdata = __data_start__
 *(vtable)
 *(.data*)
 .data          0x20000000        0x4 ..\obj\main.o
                0x20000000                speed
                0x20000004                . = ALIGN (0x4)
                0x20000004                PROVIDE (__preinit_array_start, .)
 *(.preinit_array)
                0x20000004                PROVIDE (__preinit_array_end, .)
                0x20000004                . = ALIGN (0x4)
                0x20000004                PROVIDE (__init_array_start, .)
 *(SORT(.init_array.*))
 *(.init_array)
                0x20000004                PROVIDE (__init_array_end, .)
                0x20000004                . = ALIGN (0x4)
                0x20000004                PROVIDE (__fini_array_start, .)
 *(SORT(.fini_array.*))
 *(.fini_array)
                0x20000004                PROVIDE (__fini_array_end, .)
 *(.jcr*)
                0x20000004                . = ALIGN (0x4)
                0x20000004                __data_end__ = .
                0x20000004                _edata = __data_end__

.igot.plt       0x20000004        0x0 load address 0x0800090c
 .igot.plt      0x00000000        0x0 ..\obj\startup_stm32f4xx.o

.bss            0x20000004       0x10 load address 0x0800090c
                0x20000004                . = ALIGN (0x4)
                0x20000004                __bss_start__ = .
                0x20000004                _sbss = __bss_start__
 *(.bss*)
 .bss           0x20000004        0x8 ..\obj\main.o
                0x20000004                i
                0x20000008                bool
 *(COMMON)
 COMMON         0x2000000c        0x8 ..\obj\main.o
                0x2000000c                buffer
                0x20000013                receivedChar
                0x20000014                . = ALIGN (0x4)
                0x20000014                __bss_end__ = .
                0x20000014                _ebss = __bss_end__

.heap           0x20000014        0x0
                0x20000014                __end__ = .
                0x20000014                _end = __end__
                0x20000014                end = __end__
 *(.heap*)
                0x20000014                __HeapLimit = .

.co_stack       0x20000014      0x804 load address 0x0800091c
                0x20000018                . = ALIGN (0x8)
 *fill*         0x20000014        0x4 
 *(.co_stack .co_stack.*)
 .co_stack      0x20000018      0x800 ..\obj\startup_stm32f4xx.o
                0x20000018                pulStack
                0x20020000                __StackTop = (ORIGIN (ram) + 0x20000)
                0x2001f7fc                __StackLimit = (__StackTop - SIZEOF (.co_stack))
                0x20020000                PROVIDE (__stack, __StackTop)
                0x00000001                ASSERT ((__StackLimit >= __HeapLimit), region ram  overflowed with stack)
LOAD ..\obj\startup_stm32f4xx.o
LOAD ..\obj\main.o
LOAD ..\obj\printf.o
LOAD ..\obj\system_stm32f4xx.o
LOAD ..\obj\syscalls.o
START GROUP
LOAD c:/users/ideal soft/desktop/2age a_b_c/outils et documents/compilateurs/compilateur/gcc/bin/../lib/gcc/arm-none-eabi/4.9.3/armv7e-m\libgcc.a
LOAD c:/users/ideal soft/desktop/2age a_b_c/outils et documents/compilateurs/compilateur/gcc/bin/../lib/gcc/arm-none-eabi/4.9.3/../../../../arm-none-eabi/lib/armv7e-m\libg.a
LOAD c:/users/ideal soft/desktop/2age a_b_c/outils et documents/compilateurs/compilateur/gcc/bin/../lib/gcc/arm-none-eabi/4.9.3/../../../../arm-none-eabi/lib/armv7e-m\libc.a
END GROUP
OUTPUT(bluetooth_driving robot.elf elf32-littlearm)

.debug_info     0x00000000      0xb8b
 .debug_info    0x00000000       0xed ..\obj\startup_stm32f4xx.o
 .debug_info    0x000000ed      0xa9e ..\obj\main.o

.debug_abbrev   0x00000000      0x263
 .debug_abbrev  0x00000000       0xb0 ..\obj\startup_stm32f4xx.o
 .debug_abbrev  0x000000b0      0x1b3 ..\obj\main.o

.debug_aranges  0x00000000       0x78
 .debug_aranges
                0x00000000       0x28 ..\obj\startup_stm32f4xx.o
 .debug_aranges
                0x00000028       0x50 ..\obj\main.o

.debug_ranges   0x00000000       0x58
 .debug_ranges  0x00000000       0x18 ..\obj\startup_stm32f4xx.o
 .debug_ranges  0x00000018       0x40 ..\obj\main.o

.debug_line     0x00000000      0x37d
 .debug_line    0x00000000       0xab ..\obj\startup_stm32f4xx.o
 .debug_line    0x000000ab      0x2d2 ..\obj\main.o

.debug_str      0x00000000      0x9dd
 .debug_str     0x00000000      0x13f ..\obj\startup_stm32f4xx.o
                                0x151 (size before relaxing)
 .debug_str     0x0000013f      0x89e ..\obj\main.o
                                0x988 (size before relaxing)

.comment        0x00000000       0x70
 .comment       0x00000000       0x70 ..\obj\startup_stm32f4xx.o
                                 0x71 (size before relaxing)
 .comment       0x00000000       0x71 ..\obj\main.o

.ARM.attributes
                0x00000000       0x31
 .ARM.attributes
                0x00000000       0x33 ..\obj\startup_stm32f4xx.o
 .ARM.attributes
                0x00000033       0x33 ..\obj\main.o
 .ARM.attributes
                0x00000066       0x1c c:/users/ideal soft/desktop/2age a_b_c/outils et documents/compilateurs/compilateur/gcc/bin/../lib/gcc/arm-none-eabi/4.9.3/../../../../arm-none-eabi/lib/armv7e-m\libg.a(lib_a-strcmp.o)

.debug_frame    0x00000000      0x144
 .debug_frame   0x00000000       0x4c ..\obj\startup_stm32f4xx.o
 .debug_frame   0x0000004c       0xf8 ..\obj\main.o
